32 組設定｜val F1 0.3927–0.8260｜同分帶 ±0.1167｜帶內 2 組

維度                    跨度  各取值（平均 F1／n）
lr_decade         0.1513  1e-4=0.665(5)、1e-3=0.631(15)、1e-2=0.601(9)、1e-5=0.513(3)
                          → 跨度大於同分帶，值得再查
freeze            0.1200  partial=0.660(12)、none=0.632(11)、backbone=0.540(9)
                          → 跨度大於同分帶，值得再查
scheduler         0.0738  cosine=0.649(8)、none=0.643(11)、onecycle=0.575(13)
                          → 跨度小於同分帶，分不出來
img_size          0.0573  224=0.649(14)、160=0.592(18)
                          → 有跡象但不可宣稱（p=0.0872）
batch             0.0557  64=0.643(17)、32=0.587(15)
                          → 落在雜訊帶內（p=0.1058）
label_smoothing   0.0488  0.0=0.647(12)、0.1=0.599(20)
                          → 落在雜訊帶內（p=0.1722）
epochs            0.0471  6=0.636(17)、8=0.605(5)、4=0.589(10)
                          → 跨度小於同分帶，分不出來
weight_decay      0.0393  0.0=0.634(14)、0.01=0.609(11)、0.0001=0.595(7)
                          → 跨度小於同分帶，分不出來
aug               0.0317  randaugment=0.631(13)、flips=0.620(7)、flips_rot_jitter=0.600(12)
                          → 跨度小於同分帶，分不出來
optimizer         0.0033  adamw=0.619(11)、sgd=0.616(21)
                          → 落在雜訊帶內（p=0.9424）
