/Users/john/surface-defect-datacentric/src/train.py:53: UserWarning: The given NumPy array is not writable, and PyTorch does not support non-writable tensors. This means writing to this tensor will result in undefined behavior. You may want to copy the array to protect its data or make it writable before converting it to a tensor. This type of warning will be suppressed for the rest of this program. (Triggered internally at /Users/runner/work/pytorch/pytorch/torch/csrc/utils/tensor_numpy.cpp:219.)
  _CACHE[str(it["path"])] = torch.from_numpy(
1344 張影像 → 472 個磁磚分組｜裝置 mps（影像已快取）
  random   seed=5 F1=0.8756 AUC=0.9911 acc=0.9196（測試 336 張，瑕疵率 0.29）
  random   seed=6 F1=0.8880 AUC=0.983 acc=0.9196（測試 336 張，瑕疵率 0.33）
  random   seed=7 F1=0.9484 AUC=0.9913 acc=0.9673（測試 336 張，瑕疵率 0.32）
  random   seed=8 F1=0.8889 AUC=0.9911 acc=0.9435（測試 336 張，瑕疵率 0.27）
  random   seed=9 F1=0.9437 AUC=0.9843 acc=0.9613（測試 336 張，瑕疵率 0.35）
  grouped  seed=5 F1=0.7839 AUC=0.8837 acc=0.8720（測試 336 張，瑕疵率 0.33）
  grouped  seed=6 F1=0.7838 AUC=0.9528 acc=0.8580（測試 338 張，瑕疵率 0.29）
  grouped  seed=7 F1=0.6707 AUC=0.8751 acc=0.6824（測試 340 張，瑕疵率 0.34）
  grouped  seed=8 F1=0.8072 AUC=0.9671 acc=0.9048（測試 336 張，瑕疵率 0.26）
  grouped  seed=9 F1=0.7707 AUC=0.9035 acc=0.8622（測試 341 張，瑕疵率 0.33）

{
 "random": {
  "f1": {
   "mean": 0.9089,
   "sd": 0.0343,
   "min": 0.8756,
   "max": 0.9484
  },
  "auc": {
   "mean": 0.9882,
   "sd": 0.0041,
   "min": 0.983,
   "max": 0.9913
  },
  "accuracy": {
   "mean": 0.9423,
   "sd": 0.0225,
   "min": 0.9196,
   "max": 0.9673
  }
 },
 "grouped": {
  "f1": {
   "mean": 0.7633,
   "sd": 0.0534,
   "min": 0.6707,
   "max": 0.8072
  },
  "auc": {
   "mean": 0.9164,
   "sd": 0.0413,
   "min": 0.8751,
   "max": 0.9671
  },
  "accuracy": {
   "mean": 0.8359,
   "sd": 0.0877,
   "min": 0.6824,
   "max": 0.9048
  }
 }
}
